           default   rel
           global    umber_main#RecursiveEffectDecl

           section   .text

umber_main#RecursiveEffectDecl:
           sub       rsp, 8
           add       rsp, 8
           ret       

