TYPE
(UPPER_NAME Foo)
EQUALS
PIPE
(UPPER_NAME Unbound)
(LOWER_NAME a)
EOF
