TYPE
(UPPER_NAME Option)
(LOWER_NAME a)
EQUALS
PIPE
(UPPER_NAME None)
EOF
