LET
(LOWER_NAME number)
EQUALS
(INT 1)
LET
(LOWER_NAME number)
EQUALS
(INT 2)
EOF
