LET
UNDERSCORE
EQUALS
MATCH
L_PAREN
(INT 1)
COMMA
(CHAR 2)
R_PAREN
INDENT
PIPE
L_PAREN
(LOWER_NAME one)
COMMA
(LOWER_NAME two)
R_PAREN
PIPE
L_PAREN
(LOWER_NAME two)
COMMA
(LOWER_NAME one)
R_PAREN
ARROW
L_PAREN
R_PAREN
DEDENT
EOF
