LET
(LOWER_NAME cannot_be_called)
L_PAREN
UNDERSCORE
COLON_SPACED
(UPPER_NAME Never)
R_PAREN
EQUALS
L_PAREN
R_PAREN
LET
L_PAREN
R_PAREN
EQUALS
(LOWER_NAME cannot_be_called)
(INT 5)
EOF
