LET
(LOWER_NAME f0)
EQUALS
(LOWER_NAME f1)
LET
(LOWER_NAME f1)
EQUALS
(LOWER_NAME f0)
(UPPER_NAME False)
EOF
