IMPORT
(UPPER_NAME Std)
AS
(UPPER_NAME MyStd)
IMPORT
PERIOD
(UPPER_NAME MyStd)
PERIOD
(UPPER_NAME Int)
EOF
