TYPE
ALIAS
(UPPER_NAME MyInt)
EQUALS
(UPPER_NAME Int)
EXTERN
(LOWER_NAME plus)
L_PAREN
INFIXL
(INT 6)
R_PAREN
COLON_SPACED
(UPPER_NAME MyInt)
COMMA
(UPPER_NAME MyInt)
ARROW
(UPPER_NAME MyInt)
EQUALS
(STRING %int_add)
EOF
