LET
L_PAREN
UNDERSCORE
COLON_SPACED
(UPPER_NAME List)
(UPPER_NAME Never)
R_PAREN
EQUALS
(UPPER_NAME List)
PERIOD
(UPPER_NAME Nil)
EOF
