FILE_MODULE
L_BRACE
TYPE
(UPPER_NAME Option)
(LOWER_NAME a)
EQUALS
PIPE
(UPPER_NAME None)
PIPE
(UPPER_NAME Some)
(LOWER_NAME a)
R_BRACE
EOF
