let () =
  match read_line () : Option String
  | None -> print "EOF"
  | Some line -> print_string line
