(Classics ()
 ((Let (rec_ true)
   (bindings
    (((Catch_all (fact))
      ((Lambda ((Catch_all ("")))
        (Match (Name "") (Type_app Int ())
         (((Union (Constant (Int 0)) (Constant (Int 1))) (Literal (Int 1)))
          ((Catch_all (n))
           (Fun_call (Name *)
            (((Name n) (Type_app Int ()))
             ((Fun_call (Name fact)
               (((Fun_call (Name -)
                  (((Name n) (Type_app Int ()))
                   ((Literal (Int 1)) (Type_app Int ()))))
                 (Type_app Int ()))))
              (Type_app Int ()))))))))
       (Function ((Type_app Int ())) (Type_app Int ())))))))
  (Let (rec_ true)
   (bindings
    (((Catch_all (fib))
      ((Lambda ((Catch_all (n)))
        (Match (Name n) (Type_app Int ())
         (((Union (Constant (Int 0)) (Constant (Int 1))) (Literal (Int 1)))
          ((Catch_all (n))
           (Fun_call (Name +)
            (((Fun_call (Name fib)
               (((Fun_call (Name -)
                  (((Name n) (Type_app Int ()))
                   ((Literal (Int 1)) (Type_app Int ()))))
                 (Type_app Int ()))))
              (Type_app Int ()))
             ((Fun_call (Name fib)
               (((Fun_call (Name -)
                  (((Name n) (Type_app Int ()))
                   ((Literal (Int 2)) (Type_app Int ()))))
                 (Type_app Int ()))))
              (Type_app Int ()))))))))
       (Function ((Type_app Int ())) (Type_app Int ())))))))))
