("Compilation error"
 ((kind Type_error)
  (msg
   ("Type application mismatch" (((Type_app Char ()) (Type_app Int ())))))
  (filename ErrorPatternUnionNameTypes.um)))
