("Compilation error"
 ((kind Name_error) (msg ("Multiple definitions for name" (name foo)))
  (filename ErrorNameClashExternVal.um) (span 3:1-3:21)))
