("Compilation error"
 ((kind Name_error) (msg ("Multiple definitions for name" (name foo)))
  (filename ErrorEffectOpValClash.um) (span 6:3-6:21)))
