let foo : (() -> <a> a) -> () = \_ -> ()

effect Effect = {
  val operation : () -> ()
}

let () = foo ((\() -> ()) : () -> ())
