let (~+~) : Int, Int -> () = \x y -> print_int (x + y : Int)

let () =
  let' lambda : Int -> () =
    (~+~
      (print "arg";
      5
        : Int))
  in
  print "between";
  lambda 6
