(Option
 ((Common_sig
   (Type_decl Option ((a) (Variants ((None ()) (Some ((Var a)))))))))
 ())
