((Fun_decl ((name Std.Prelude.print) (arity 1)))
 (Value_def HelloWorld.*binding
  (Fun_call Std.Prelude.print ((Primitive (String "Hello world!"))))))
