((Value_def Option.None.0 (Make_block (tag 0)))
 (Fun_def
  ((fun_name Option.Some.0) (closed_over ()) (args (arg0.0))
   (body (Make_block (tag 0) (fields ((Name arg0.0))))))))
