((Extern_decl ((name %print_endline) (arity 1)))
 (Value_def .0 (Fun_call %print_endline ((Primitive (String plain)))))
 (Fun_def
  ((fun_name *fun.0) (closed_over ()) (args (*lambda_arg.0))
   (body (Fun_call %print_endline ((Primitive (String "fun call")))))))
 (Fun_def
  ((fun_name WeirdFunCalls.fun_call.0) (closed_over ())
   (args (*lambda_arg.1)) (body (Name *fun.0))))
 (Value_def .1
  (Let *fun.1 (Fun_call WeirdFunCalls.fun_call.0 ((Make_block (tag 0))))
   (Fun_call *fun.1 ((Make_block (tag 0))))))
 (Extern_decl ((name "Std.Prelude.Operators.;.0") (arity 2)))
 (Fun_def
  ((fun_name WeirdFunCalls.print_twice.0) (closed_over ())
   (args (WeirdFunCalls.msg.0))
   (body
    (Fun_call "Std.Prelude.Operators.;.0"
     ((Fun_call %print_endline ((Name WeirdFunCalls.msg.0)))
      (Fun_call %print_endline ((Name WeirdFunCalls.msg.0))))))))
 (Value_def WeirdFunCalls.if_.0
  (Let *fun.2
   (Cond_assign (conds (((Constant_tag_equals (Make_block (tag 1)) 1) ())))
    (body (Name WeirdFunCalls.print_twice.0))
    (if_none_matched (Otherwise (Name %print_endline))))
   (Fun_call *fun.2 ((Primitive (String if)))))))
